<html>
<body>
<pre>
<h1>µVision Build Log</h1>
<h2>Project:</h2>
C:\Users\student\Desktop\M_210905298\ESLAB\LAB-2\Question-1\Q1.uvproj
Project File Date:  02/10/2023

<h2>Output:</h2>
Build target 'Target 1'
assembling Q1.s...
Q1.s(28): warning: A1581W: Added 2 bytes of padding at address 0x1a
linking...
Program Size: Code=76 RO-data=8 RW-data=4 ZI-data=0  
".\Q1.axf" - 0 Error(s), 1 Warning(s).
</pre>
</body>
</html>
8): warning: A1581W: Added 2 bytes of padding at address 0x1a
"Q1.s" - 0 Error(s), 1 Warning(s).
dding at address 0x1a
"Q1.s" - 0 Error(s), 1 Warning(s).
assembling Q1.s...
Q1.s(28): warning: A1581W: Added 2 bytes of padding at address 0x1a
"Q1.s" - 0 Error(s), 1 Warning(s).
