


ARM Macro Assembler    Page 1 


    1 00000000         ; Write a program to add ten 32 bit numbers available in
                        code memory and store the result in data memory.
    2 00000000         
    3 00000000                 AREA             RESET, DATA, READONLY
    4 00000000                 EXPORT           __Vectors
    5 00000000         __Vectors
    6 00000000 10001000        DCD              0X10001000
    7 00000004 00000000        DCD              Reset_Handler
    8 00000008                 ALIGN
    9 00000008                 AREA             mycode , CODE, READONLY
   10 00000000                 ENTRY
   11 00000000                 EXPORT           Reset_Handler
   12 00000000         Reset_Handler
   13 00000000 4810            LDR              R0, =ARRAY  ; stroing the addre
                                                            ss of the first loc
                                                            ation
   14 00000002 F04F 010A       MOV              R1, #10     ; acting as counter
                                                            
   15 00000006 F04F 0200       MOV              R2, #0
   16 0000000A 4C0F            LDR              R4 , =sum   ; storing the addre
                                                            ss of the data memo
                                                            ry or sum 
   17 0000000C 6803    LOOP    LDR              R3, [R0]    ; loading the conte
                                                            nts of location poi
                                                            nted by R1 to the R
                                                            3
   18 0000000E 441A            ADD              R2,R3
   19 00000010 F100 0004       ADD              R0, #4
   20 00000014 3901            SUBS             R1, #1
   21 00000016 D1F9            BNE              LOOP
   22 00000018         
   23 00000018 6022            STR              R2, [R4]
   24 0000001A         
   25 0000001A         
   26 0000001A         
   27 0000001A         
   28 0000001A 00 00 0000000B 
              0000000C 
              0000000D 
              0000000E 
              0000000F 
              00000010 
              00000011 
              00000012 
              00000013 
              00000014 ARRAY   DCD              11,12,13,14,15,16,17,18,19,20
   29 00000044 00000000 
              00000000         AREA             sum , DATA, READWRITE
   30 00000000 00000000 
                       DST     DCD              0
   31 00000004                 END
Command Line: --debug --xref --cpu=Cortex-M3 --apcs=interwork --depend=.\q1.d -
o.\q1.o -IC:\Keil\ARM\RV31\INC -IC:\Keil\ARM\CMSIS\Include -IC:\Keil\ARM\Inc\NX
P\LPC17xx --predefine="__EVAL SETA 1" --list=.\q1.lst Q1.s



ARM Macro Assembler    Page 1 Alphabetic symbol ordering
Relocatable symbols

RESET 00000000

Symbol: RESET
   Definitions
      At line 3 in file Q1.s
   Uses
      None
Comment: RESET unused
__Vectors 00000000

Symbol: __Vectors
   Definitions
      At line 5 in file Q1.s
   Uses
      At line 4 in file Q1.s
Comment: __Vectors used once
2 symbols



ARM Macro Assembler    Page 1 Alphabetic symbol ordering
Relocatable symbols

ARRAY 0000001C

Symbol: ARRAY
   Definitions
      At line 28 in file Q1.s
   Uses
      At line 13 in file Q1.s
Comment: ARRAY used once
LOOP 0000000C

Symbol: LOOP
   Definitions
      At line 17 in file Q1.s
   Uses
      At line 21 in file Q1.s
Comment: LOOP used once
Reset_Handler 00000000

Symbol: Reset_Handler
   Definitions
      At line 12 in file Q1.s
   Uses
      At line 7 in file Q1.s
      At line 11 in file Q1.s

mycode 00000000

Symbol: mycode
   Definitions
      At line 9 in file Q1.s
   Uses
      None
Comment: mycode unused
4 symbols



ARM Macro Assembler    Page 1 Alphabetic symbol ordering
Relocatable symbols

DST 00000000

Symbol: DST
   Definitions
      At line 30 in file Q1.s
   Uses
      None
Comment: DST unused
sum 00000000

Symbol: sum
   Definitions
      At line 29 in file Q1.s
   Uses
      At line 16 in file Q1.s
Comment: sum used once
2 symbols
341 symbols in table
