<html>
<body>
<pre>
<h1>µVision Build Log</h1>
<h2>Project:</h2>
C:\Users\student\Desktop\M_210905298\LAB-1\LAB_1_Q3
Project File Date:  <unknown>

<h2>Output:</h2>
Build target 'Target 1'
linking...
Program Size: Code=84 RO-data=8 RW-data=4 ZI-data=0  
".\LAB_1_Q3.axf" - 0 Error(s), 0 Warning(s).
</pre>
</body>
</html>
(s), 0 Warning(s).
Target not created
Error: Could not load file 'C:\Users\student\Desktop\M_210905298\LAB-1\LAB_1_Q3.axf'. Debugger aborted !
Error: Could not load file 'C:\Users\student\Desktop\M_210905298\LAB-1\LAB_1_Q3.axf'. Debugger aborted !
Error: Could not load file 'C:\Users\student\Desktop\M_210905298\LAB-1\LAB_1_Q3.axf'. Debugger aborted !
assembling LAB_1_Q33.s...
LAB_1_Q33.s(23): warning: A1581W: Added 2 bytes of padding at address 0x22
"LAB_1_Q33.s" - 0 Error(s), 1 Warning(s).
