<html>
<body>
<pre>
<h1>µVision Build Log</h1>
<h2>Project:</h2>
C:\Users\student\Desktop\M_210905298\LAB-1\LAB_1_Q4.s
Project File Date:  02/10/2023

<h2>Output:</h2>
Build target 'Target 1'
linking...
Program Size: Code=64 RO-data=8 RW-data=4 ZI-data=0  
".\LAB_1_Q4.axf" - 0 Error(s), 0 Warning(s).
</pre>
</body>
</html>
ata=8 RW-data=4 ZI-data=0  
".\LAB_1_Q4.axf" - 0 Error(s), 1 Warning(s).
assembling LAB_1_Q4.s...
LAB_1_Q4.s(38): warning: A1581W: Added 2 bytes of padding at address 0x32
"LAB_1_Q4.s" - 0 Error(s), 1 Warning(s).
