ARM Linker, 5.03 [Build 76] [MDK-ARM Lite]

==============================================================================

Section Cross References

    lab_1_question_1.o(RESET) refers to lab_1_question_1.o(Mycode) for Reset_Handler
    lab_1_question_1.o(Mycode) refers to lab_1_question_1.o(MDATA) for OP1
    lab_1_question_1.o(Mycode) refers to lab_1_question_1.o(mydata) for OP2


==============================================================================

Image Symbol Table

    Local Symbols

    Symbol Name                              Value     Ov Type        Size  Object(Section)

    RESET                                    0x00000000   Section        8  lab_1_question_1.o(RESET)
    LAB_1_Question_1.s                       0x00000000   Number         0  lab_1_question_1.o ABSOLUTE
    Mycode                                   0x00000008   Section       20  lab_1_question_1.o(Mycode)
    MDATA                                    0x0000001c   Section        4  lab_1_question_1.o(MDATA)
    OP1                                      0x0000001c   Data           4  lab_1_question_1.o(MDATA)
    mydata                                   0x10000000   Section        4  lab_1_question_1.o(mydata)
    OP2                                      0x10000000   Data           4  lab_1_question_1.o(mydata)

    Global Symbols

    Symbol Name                              Value     Ov Type        Size  Object(Section)

    BuildAttributes$$THM_ISAv4$P$D$K$B$S$PE$A:L22UL41UL21$X:L11$S22US41US21$IEEE1$IW$USESV6$~STKCKD$USESV7$~SHL$OSPACE$EBA8$STANDARDLIB$PRES8$EABIv2 0x00000000   Number         0  anon$$obj.o ABSOLUTE
    __Vectors                                0x00000000   Data           0  lab_1_question_1.o(RESET)
    Reset_Handler                            0x00000009   Thumb Code     0  lab_1_question_1.o(Mycode)



==============================================================================

Memory Map of the image

  Image Entry point : 0x00000009

  Load Region LR_1 (Base: 0x00000000, Size: 0x00000024, Max: 0xffffffff, ABSOLUTE)

    Execution Region ER_RO (Base: 0x00000000, Size: 0x00000020, Max: 0xffffffff, ABSOLUTE)

    Base Addr    Size         Type   Attr      Idx    E Section Name        Object

    0x00000000   0x00000008   Data   RO            1    RESET               lab_1_question_1.o
    0x00000008   0x00000014   Code   RO            2  * Mycode              lab_1_question_1.o
    0x0000001c   0x00000004   Data   RO            3    MDATA               lab_1_question_1.o


    Execution Region ER_RW (Base: 0x10000000, Size: 0x00000004, Max: 0xffffffff, ABSOLUTE)

    Base Addr    Size         Type   Attr      Idx    E Section Name        Object

    0x10000000   0x00000004   Data   RW            4    mydata              lab_1_question_1.o


    Execution Region ER_ZI (Base: 0x10000004, Size: 0x00000000, Max: 0xffffffff, ABSOLUTE)

    **** No section assigned to this execution region ****


==============================================================================

Image component sizes


      Code (inc. data)   RO Data    RW Data    ZI Data      Debug   Object Name

        20         10         12          4          0        220   lab_1_question_1.o

    ----------------------------------------------------------------------
        20         10         12          4          0        220   Object Totals
         0          0          0          0          0          0   (incl. Generated)
         0          0          0          0          0          0   (incl. Padding)

    ----------------------------------------------------------------------
         0          0          0          0          0          0   Library Totals
         0          0          0          0          0          0   (incl. Padding)

    ----------------------------------------------------------------------

==============================================================================


      Code (inc. data)   RO Data    RW Data    ZI Data      Debug   

        20         10         12          4          0        220   Grand Totals
        20         10         12          4          0        220   ELF Image Totals
        20         10         12          4          0          0   ROM Totals

==============================================================================

    Total RO  Size (Code + RO Data)                   32 (   0.03kB)
    Total RW  Size (RW Data + ZI Data)                 4 (   0.00kB)
    Total ROM Size (Code + RO Data + RW Data)         36 (   0.04kB)

==============================================================================

