


ARM Macro Assembler    Page 1 


    1 00000000                 AREA             RESET, DATA, READONLY ; assigni
                                                            ng the area in the 
                                                            memory of name RESE
                                                            T and type DATA and
                                                             access of readonly
                                                            
    2 00000000                 EXPORT           __Vectors   ; contains the addr
                                                            ess of code that ne
                                                            ed to be executed
    3 00000000         __Vectors                            ; label
    4 00000000 10001000        DCD              0x10001000  ; this represents a
                                                             32 bit
    5 00000004 00000000        DCD              Reset_Handler ; code that needs
                                                             to be executed aft
                                                            er power up is loca
                                                            ted in the reset ha
                                                            ndler
    6 00000008                 ALIGN
    7 00000008                 AREA             Mycode, CODE, READONLY ; assign
                                                            ing the area in the
                                                             memory of name Myc
                                                            ode and type CODE a
                                                            nd access of readon
                                                            ly
    8 00000000                 ENTRY
    9 00000000                 EXPORT           Reset_Handler
   10 00000000         Reset_Handler                        ; contains the code
                                                             that needs to be e
                                                            xecuted first
   11 00000000 F04F 000A       MOV              R0,#10
   12 00000004 F04F 0103       MOV              R1,#3
   13 00000008 4408            ADD              R0,R0,R1
   14 0000000A E7FE    HERE    B                HERE        ; to stop the execu
                                                            tion or STOP B STOP
                                                            
   15 0000000C                 END
Command Line: --debug --xref --cpu=Cortex-M3 --apcs=interwork --depend=.\q1.d -
o.\q1.o -IC:\Keil\ARM\RV31\INC -IC:\Keil\ARM\CMSIS\Include -IC:\Keil\ARM\Inc\NX
P\LPC17xx --predefine="__EVAL SETA 1" --list=.\q1.lst q1.s



ARM Macro Assembler    Page 1 Alphabetic symbol ordering
Relocatable symbols

RESET 00000000

Symbol: RESET
   Definitions
      At line 1 in file q1.s
   Uses
      None
Comment: RESET unused
__Vectors 00000000

Symbol: __Vectors
   Definitions
      At line 3 in file q1.s
   Uses
      At line 2 in file q1.s
Comment: __Vectors used once
2 symbols



ARM Macro Assembler    Page 1 Alphabetic symbol ordering
Relocatable symbols

HERE 0000000A

Symbol: HERE
   Definitions
      At line 14 in file q1.s
   Uses
      At line 14 in file q1.s
Comment: HERE used once
Mycode 00000000

Symbol: Mycode
   Definitions
      At line 7 in file q1.s
   Uses
      None
Comment: Mycode unused
Reset_Handler 00000000

Symbol: Reset_Handler
   Definitions
      At line 10 in file q1.s
   Uses
      At line 5 in file q1.s
      At line 9 in file q1.s

3 symbols
336 symbols in table
