


ARM Macro Assembler    Page 1 


    1 00000000                 AREA             RESET,DATA,READONLY
    2 00000000                 EXPORT           __Vectors
    3 00000000         __Vectors
    4 00000000 10001000        DCD              0x10001000
    5 00000004 00000000        DCD              Reset_Handler
    6 00000008                 ALIGN
    7 00000008                 AREA             mycode,CODE,READONLY
    8 00000000                 ENTRY
    9 00000000                 EXPORT           Reset_Handler
   10 00000000         Reset_Handler
   11 00000000 4804            LDR              R0, = N1
   12 00000002 6801            LDR              R1, [R0]
   13 00000004 4E04            LDR              R6, =DST
   14 00000006 FB01 1201       MLA              R2, R1,R1,R1
   15 0000000A EA4F 0252       LSR              R2,#1
   16 0000000E 6032            STR              R2, [R6]
   17 00000010         
   18 00000010         
   19 00000010 0000000A 
                       N1      DCD              10
   20 00000014 00000000 
              00000000         AREA             mydata, DATA , READWRITE
   21 00000000 00000000 
                       DST     DCD              0
   22 00000004                 END
Command Line: --debug --xref --cpu=Cortex-M3 --apcs=interwork --depend=.\q2.d -
o.\q2.o -IC:\Keil\ARM\RV31\INC -IC:\Keil\ARM\CMSIS\Include -IC:\Keil\ARM\Inc\NX
P\LPC17xx --predefine="__EVAL SETA 1" --list=.\q2.lst q2.s



ARM Macro Assembler    Page 1 Alphabetic symbol ordering
Relocatable symbols

RESET 00000000

Symbol: RESET
   Definitions
      At line 1 in file q2.s
   Uses
      None
Comment: RESET unused
__Vectors 00000000

Symbol: __Vectors
   Definitions
      At line 3 in file q2.s
   Uses
      At line 2 in file q2.s
Comment: __Vectors used once
2 symbols



ARM Macro Assembler    Page 1 Alphabetic symbol ordering
Relocatable symbols

N1 00000010

Symbol: N1
   Definitions
      At line 19 in file q2.s
   Uses
      At line 11 in file q2.s
Comment: N1 used once
Reset_Handler 00000000

Symbol: Reset_Handler
   Definitions
      At line 10 in file q2.s
   Uses
      At line 5 in file q2.s
      At line 9 in file q2.s

mycode 00000000

Symbol: mycode
   Definitions
      At line 7 in file q2.s
   Uses
      None
Comment: mycode unused
3 symbols



ARM Macro Assembler    Page 1 Alphabetic symbol ordering
Relocatable symbols

DST 00000000

Symbol: DST
   Definitions
      At line 21 in file q2.s
   Uses
      At line 13 in file q2.s
Comment: DST used once
mydata 00000000

Symbol: mydata
   Definitions
      At line 20 in file q2.s
   Uses
      None
Comment: mydata unused
2 symbols
340 symbols in table
