


ARM Macro Assembler    Page 1 


    1 00000000                 AREA             RESET,DATA,READONLY
    2 00000000                 EXPORT           __Vectors
    3 00000000         __Vectors
    4 00000000 10001000        DCD              0x10001000
    5 00000004 00000000        DCD              Reset_Handler
    6 00000008                 ALIGN
    7 00000008                 AREA             mycode,CODE,READONLY
    8 00000000                 ENTRY
    9 00000000                 EXPORT           Reset_Handler
   10 00000000         Reset_Handler
   11 00000000 480D            LDR              R0,=N
   12 00000002 6801            LDR              R1,[R0]
   13 00000004 4E0D            LDR              R6,=DST
   14 00000006 F001 01F0       AND              R1,#0xF0
   15 0000000A EA4F 1111       LSR              R1,#4
   16 0000000E 290A            CMP              R1,#0xA
   17 00000010 D301            BCC              AD1
   18 00000012 F101 0107       ADD              R1,#0X07
   19 00000016 F101 0130 
                       AD1     ADD              R1,#0x30
   20 0000001A F806 1B01       STRB             R1,[R6],#1
   21 0000001E 6801            LDR              R1,[R0]
   22 00000020 F001 010F       AND              R1,#0x0F
   23 00000024 290A            CMP              R1,#0xA
   24 00000026 D301            BCC              AD2
   25 00000028 F101 0107       ADD              R1,#0X07
   26 0000002C F101 0130 
                       AD2     ADD              R1,#0x30
   27 00000030 7031            STRB             R1,[R6]
   28 00000032         STOP
   29 00000032 E7FE            B                STOP
   30 00000034 0000004A 
                       N       DCD              0x4A
   31 00000038 00000000 
              00000000         AREA             mydata,DATA,READWRITE
   32 00000000 00000000 
                       DST     DCD              0
   33 00000004                 END
Command Line: --debug --xref --cpu=Cortex-M3 --apcs=interwork --depend=.\q4.d -
o.\q4.o -IC:\Keil\ARM\RV31\INC -IC:\Keil\ARM\CMSIS\Include -IC:\Keil\ARM\Inc\NX
P\LPC17xx --predefine="__EVAL SETA 1" --list=.\q4.lst q4.s



ARM Macro Assembler    Page 1 Alphabetic symbol ordering
Relocatable symbols

RESET 00000000

Symbol: RESET
   Definitions
      At line 1 in file q4.s
   Uses
      None
Comment: RESET unused
__Vectors 00000000

Symbol: __Vectors
   Definitions
      At line 3 in file q4.s
   Uses
      At line 2 in file q4.s
Comment: __Vectors used once
2 symbols



ARM Macro Assembler    Page 1 Alphabetic symbol ordering
Relocatable symbols

AD1 00000016

Symbol: AD1
   Definitions
      At line 19 in file q4.s
   Uses
      At line 17 in file q4.s
Comment: AD1 used once
AD2 0000002C

Symbol: AD2
   Definitions
      At line 26 in file q4.s
   Uses
      At line 24 in file q4.s
Comment: AD2 used once
N 00000034

Symbol: N
   Definitions
      At line 30 in file q4.s
   Uses
      At line 11 in file q4.s
Comment: N used once
Reset_Handler 00000000

Symbol: Reset_Handler
   Definitions
      At line 10 in file q4.s
   Uses
      At line 5 in file q4.s
      At line 9 in file q4.s

STOP 00000032

Symbol: STOP
   Definitions
      At line 28 in file q4.s
   Uses
      At line 29 in file q4.s
Comment: STOP used once
mycode 00000000

Symbol: mycode
   Definitions
      At line 7 in file q4.s
   Uses
      None
Comment: mycode unused
6 symbols



ARM Macro Assembler    Page 1 Alphabetic symbol ordering
Relocatable symbols

DST 00000000

Symbol: DST
   Definitions
      At line 32 in file q4.s
   Uses
      At line 13 in file q4.s
Comment: DST used once
mydata 00000000

Symbol: mydata
   Definitions
      At line 31 in file q4.s
   Uses
      None
Comment: mydata unused
2 symbols
343 symbols in table
